E:/ARM/COTS/1-MCAL/04-EXTI/EXTI_program.c:19:6:MEXTI_voidTriggerMode	16	static
E:/ARM/COTS/1-MCAL/04-EXTI/EXTI_program.c:32:6:MEXTI_voidEnableEXTI	16	static
E:/ARM/COTS/1-MCAL/04-EXTI/EXTI_program.c:36:6:MEXTI_voidDisableEXTI	16	static
E:/ARM/COTS/1-MCAL/04-EXTI/EXTI_program.c:40:6:MEXTI_voidSwTrigger	16	static
E:/ARM/COTS/1-MCAL/04-EXTI/EXTI_program.c:46:5:MEXTI_u8GetPendingFlag	16	static
E:/ARM/COTS/1-MCAL/04-EXTI/EXTI_program.c:51:6:MEXTI_u8ClearPendingFlag	16	static
E:/ARM/COTS/1-MCAL/04-EXTI/EXTI_program.c:57:6:MEXTI_voidSetCallBack	16	static
E:/ARM/COTS/1-MCAL/04-EXTI/EXTI_program.c:68:6:EXTI0_IRQHandler	8	static
E:/ARM/COTS/1-MCAL/04-EXTI/EXTI_program.c:74:6:EXTI1_IRQHandler	8	static
E:/ARM/COTS/1-MCAL/04-EXTI/EXTI_program.c:80:6:EXTI2_IRQHandler	8	static
E:/ARM/COTS/1-MCAL/04-EXTI/EXTI_program.c:87:6:EXTI3_IRQHandler	8	static
E:/ARM/COTS/1-MCAL/04-EXTI/EXTI_program.c:94:6:EXTI4_IRQHandler	8	static
E:/ARM/COTS/1-MCAL/04-EXTI/EXTI_program.c:101:6:EXTI9_5_IRQHandler	16	static
E:/ARM/COTS/1-MCAL/04-EXTI/EXTI_program.c:111:6:EXTI15_10_IRQHandler	16	static
